/Users/lequoctuan/Library/Python/3.9/lib/python/site-packages/urllib3/__init__.py:35: NotOpenSSLWarning: urllib3 v2 only supports OpenSSL 1.1.1+, currently the 'ssl' module is compiled with 'LibreSSL 2.8.3'. See: https://github.com/urllib3/urllib3/issues/3020
  warnings.warn(
Traceback (most recent call last):
  File "/Users/lequoctuan/Desktop/varcnn/run_model.py", line 120, in <module>
    predict(config, model, mixture_num, sub_model_name)
  File "/Users/lequoctuan/Desktop/varcnn/run_model.py", line 72, in predict
    predictions = model.predict(
  File "/Users/lequoctuan/Library/Python/3.9/lib/python/site-packages/keras/src/utils/traceback_utils.py", line 122, in error_handler
    raise e.with_traceback(filtered_tb) from None
  File "/Users/lequoctuan/Library/Python/3.9/lib/python/site-packages/keras/src/trainers/data_adapters/generator_data_adapter.py", line 17, in __init__
    raise ValueError(
ValueError: When passing a Python generator to a Keras model, the generator must return a tuple, either (input,) or (inputs, targets) or (inputs, targets, sample_weights). Received: {'dir_input': array([[[ 1],
        [-1],
        [ 1],
        ...,
        [ 0],
        [ 0],
        [ 0]],

       [[ 1],
        [-1],
        [-1],
        ...,
        [ 0],
        [ 0],
        [ 0]],

       [[ 1],
        [-1],
        [-1],
        ...,
        [-1],
        [-1],
        [-1]],

       ...,

       [[ 1],
        [ 1],
        [-1],
        ...,
        [ 0],
        [ 0],
        [ 0]],

       [[ 1],
        [-1],
        [-1],
        ...,
        [ 0],
        [ 0],
        [ 0]],

       [[ 1],
        [-1],
        [-1],
        ...,
        [ 0],
        [ 0],
        [ 0]]], dtype=int8), 'metadata_input': array([[-0.364095  , -0.4676407 ,  0.3222277 , -1.1256837 ,  1.1256837 ,
        -1.1113815 , -0.3481681 ],
       [-0.36464646, -0.2402588 , -0.5608953 ,  0.970429  , -0.97042894,
         0.03628627, -0.29082122],
       [ 6.454966  ,  6.9652147 , -0.5778134 ,  1.018095  , -1.018095  ,
        -0.779716  , -1.2987278 ],
       [ 0.07788116, -0.23385367,  1.2245245 , -1.3049189 ,  1.3049189 ,
         0.90421396, -0.7638563 ],
       [ 0.05003363, -0.32701913,  1.4715282 , -1.7012271 ,  1.7012271 ,
        -0.34261256, -0.77985084],
       [-0.35582346, -0.4676407 ,  0.3560638 , -1.1713804 ,  1.1713803 ,
        -0.38276303, -0.3289849 ],
       [-0.3547206 , -0.25219563, -0.47404927,  0.76881915, -0.76881933,
        -0.81803197, -0.35208815],
       [-0.660492  , -0.55469215, -0.5530003 ,  0.86431986, -0.86431986,
        -0.28284353,  1.0839425 ],
       [-0.6555291 , -0.6560096 , -0.14019945, -1.3436614 ,  1.3436613 ,
        -0.486345  ,  1.0088657 ],
       [-0.6930267 , -0.6545539 , -0.29922926, -0.78314865,  0.78314877,
         1.1409769 ,  1.6828923 ],
       [-0.5965254 , -0.5855532 , -0.17177984, -0.72962385,  0.7296237 ,
         0.59170973,  0.6207202 ],
       [-0.6238215 , -0.60884464, -0.1932094 , -0.809686  ,  0.809686  ,
         3.039782  ,  1.0652057 ],
       [-0.49120107, -0.5680847 ,  0.19139464, -1.40344   ,  1.40344   ,
        -0.9479075 , -0.00884489],
       [-0.5678507 , -0.57448983, -0.09734036, -0.8620929 ,  0.8620929 ,
         0.8204739 ,  0.46017286],
       [ 1.9557974 ,  1.5948093 ,  1.8222961 , -0.03135885,  0.03135877,
        -0.89451265, -1.1823542 ],
       [-0.556822  , -0.43881765, -0.5778134 ,  1.005954  , -1.005954  ,
         0.07433207,  0.34117317],
       [-0.658562  , -0.63737655, -0.22478978, -0.9158318 ,  0.9158318 ,
         0.10445528,  1.1065966 ],
       [-0.68558234, -0.5797304 , -0.5586396 ,  0.8798389 , -0.879839  ,
        -1.2160947 ,  1.2708627 ],
       [ 0.07181536, -0.24841078,  1.2561048 , -1.3605068 ,  1.3605068 ,
         0.25424364, -0.777371  ],
       [-0.65608054, -0.63271827, -0.23268488, -0.85268736,  0.8526872 ,
        -0.81446844,  0.9781901 ],
       [-0.67345077, -0.64785767, -0.24509145, -0.93258804,  0.93258804,
        -0.29487783,  1.2313058 ],
       [ 1.7939509 ,  1.5028083 ,  1.516643  ,  0.04685404, -0.04685397,
         0.5027334 , -1.1574962 ],
       [ 0.03156051,  0.1784034 , -0.5620232 ,  0.9927512 , -0.9927511 ,
        -0.6381752 , -0.77617186],
       [-0.37016082, -0.45599502,  0.25229967, -0.9829044 ,  0.9829045 ,
         0.20562103, -0.27089456],
       [-0.29930127, -0.43590623,  0.46433944, -1.1895838 ,  1.1895838 ,
        -1.9834571 , -0.49907297],
       [-0.5540648 , -0.55876815, -0.10185184, -0.7675002 ,  0.7675002 ,
         0.9865928 ,  0.39713424],
       [-0.39001253, -0.48015982,  0.26470625, -1.0937724 ,  1.0937722 ,
        -1.901466  , -0.33548197],
       [-0.49064964, -0.5590593 ,  0.15868637, -1.2976742 ,  1.2976744 ,
        -0.49985954,  0.01820139],
       [-0.62437296, -0.6452374 , -0.05448126, -1.4686321 ,  1.4686321 ,
        -1.1520696 ,  0.66188055],
       [-0.37512374, -0.25161332, -0.5597675 ,  0.96670747, -0.96670765,
        -0.85771173, -0.3134158 ],
       [-0.54579324, -0.43386823, -0.5518724 ,  0.91204184, -0.9120418 ,
         0.20543784,  0.295671  ],
       [-0.56536925, -0.45337474, -0.55638385,  0.9229614 , -0.92296135,
        -0.45649993,  0.34442154],
       [ 3.2227223 ,  3.5524483 , -0.5789413 ,  1.0179857 , -1.0179857 ,
         0.49651033, -1.2324221 ],
       [-0.6784137 , -0.56779355, -0.57555765,  0.9851507 , -0.9851508 ,
         1.0769972 ,  1.4613813 ],
       [-0.50939846, -0.55265415,  0.05717797, -1.0790092 ,  1.0790094 ,
         1.2644436 ,  0.20681931],
       [ 0.07043677, -0.31828484,  1.5211545 , -1.7076454 ,  1.7076452 ,
        -0.9980839 , -0.81002235],
       [-0.5706079 , -0.5701227 , -0.12553714, -0.76790637,  0.7679062 ,
        -0.29663217,  0.38575298],
       [ 0.03404197, -0.24666391,  1.0948193 , -1.2406224 ,  1.2406224 ,
        -0.9433479 , -0.7862669 ],
       [ 0.13909058, -0.18785323,  1.2967082 , -1.2537116 ,  1.2537117 ,
         1.0251588 , -0.79715484],
       [-0.6902696 , -0.5806038 , -0.5744298 ,  0.97602856, -0.9760286 ,
        -1.5030087 ,  1.2964216 ],
       [-0.67345077, -0.56371754, -0.5710462 ,  0.9597369 , -0.9597369 ,
         0.22805299,  1.2939458 ],
       [ 0.11400023,  0.26923972, -0.57668555,  1.0130715 , -1.0130715 ,
        -0.8087963 , -0.82966536],
       [-0.556822  , -0.558477  , -0.11425842, -0.73578155,  0.73578155,
        -0.50958323,  0.29590452],
       [-0.6028669 , -0.4926789 , -0.55751175,  0.9152724 , -0.91527253,
        -0.6039456 ,  0.5574577 ],
       [-0.34451902, -0.5086917 ,  0.56133634, -1.5954393 ,  1.5954392 ,
        -0.93297696, -0.3766974 ],
       [ 1.6017753 ,  1.8376217 , -0.5665347 ,  1.0113506 , -1.0113508 ,
         0.15208574, -1.1444747 ],
       [-0.5661964 , -0.55876815, -0.15147816, -0.6430557 ,  0.64305556,
        -0.43636116,  0.3504507 ],
       [-0.67620796, -0.64669305, -0.26088166, -0.8651948 ,  0.865195  ,
         0.5415695 ,  1.366806  ],
       [ 0.04258924,  0.03428811,  0.04138778,  0.18712898, -0.18712898,
        -1.837842  , -0.8163093 ],
       [-0.73217875, -0.6254397 , -0.5721741 ,  0.94646686, -0.9464668 ,
        -2.153558  ,  1.9096886 ]], dtype=float32)}
